// Jest Snapshot v1, https://goo.gl/fbAQLP

exports[`Given AddEditPage component When it's invoked Then it should always match this snapshot 1`] = `
<div
  className="sc-gsnTZi dzQbXI"
>
  <div
    className="sc-bczRLJ dTEFzN"
  >
    <h1
      className="MuiTypography-root MuiTypography-h1 addEdit_tittle css-o2w69a-MuiTypography-root"
    >
      Añadir nuevo establecimiento
    </h1>
    <form
      autoComplete="off"
      onSubmit={[Function]}
    >
      <div
        className="css-1lwbda4-MuiStack-root"
      >
        <h2
          className="MuiTypography-root MuiTypography-h4 addEdit_section-tittle css-5lbw0b-MuiTypography-root"
        >
          Tipo de establecimiento
        </h2>
        <div
          className="MuiFormControl-root css-1nrlq1o-MuiFormControl-root"
        >
          <select
            className="custom-select"
            data-testid="establishmentType-testid"
            id="style"
            name="style"
            onChange={[Function]}
            value=""
          >
            <option
              value=""
            />
            <option
              value="RES"
            >
              Restaurante
            </option>
            <option
              value="CAF"
            >
              Cafetería
            </option>
            <option
              value="OBR"
            >
              Obrador
            </option>
            <option
              value="HOT"
            >
              Hotel
            </option>
            <option
              value="PAS"
            >
              Pastelería
            </option>
            <option
              value="TIE"
            >
              Tienda
            </option>
            <option
              value="HER"
            >
              Herbolarío
            </option>
            <option
              value="SEP"
            >
              Supermercado
            </option>
            <option
              value="CAR"
            >
              Carnicería
            </option>
          </select>
          <p
            className="MuiFormHelperText-root MuiFormHelperText-sizeMedium MuiFormHelperText-contained css-1wc848c-MuiFormHelperText-root"
            id="establishmentType-helpertext"
          >
            <span
              className="notranslate"
            >
              ​
            </span>
          </p>
        </div>
        <h2
          className="MuiTypography-root MuiTypography-h4 addEdit_section-tittle css-5lbw0b-MuiTypography-root"
        >
          Datos del establecimiento
        </h2>
        <div
          className="MuiFormControl-root css-1nrlq1o-MuiFormControl-root"
        >
          <label
            className="MuiInputLabel-root MuiInputLabel-formControl MuiInputLabel-animated MuiInputLabel-outlined MuiFormLabel-root MuiFormLabel-colorPrimary css-14s5rfu-MuiFormLabel-root-MuiInputLabel-root"
            data-shrink={false}
            htmlFor="name"
          >
            Nombre
          </label>
          <div
            className="MuiOutlinedInput-root MuiInputBase-root MuiInputBase-colorPrimary MuiInputBase-formControl css-9ddj71-MuiInputBase-root-MuiOutlinedInput-root"
            onClick={[Function]}
          >
            <input
              aria-invalid={false}
              className="MuiOutlinedInput-input MuiInputBase-input css-1t8l2tu-MuiInputBase-input-MuiOutlinedInput-input"
              disabled={false}
              id="name"
              onAnimationStart={[Function]}
              onBlur={[Function]}
              onChange={[Function]}
              onFocus={[Function]}
              required={false}
              type="text"
              value=""
            />
            <fieldset
              aria-hidden={true}
              className="MuiOutlinedInput-notchedOutline css-1d3z3hw-MuiOutlinedInput-notchedOutline"
            >
              <legend
                className="css-1ftyaf0"
              >
                <span>
                  Nombre
                </span>
              </legend>
            </fieldset>
          </div>
          <p
            className="MuiFormHelperText-root MuiFormHelperText-sizeMedium MuiFormHelperText-contained css-1wc848c-MuiFormHelperText-root"
            id="name-helpertext"
          >
            <span
              className="notranslate"
            >
              ​
            </span>
          </p>
        </div>
        <div
          className="MuiFormControl-root css-1nrlq1o-MuiFormControl-root"
        >
          <label
            className="MuiInputLabel-root MuiInputLabel-formControl MuiInputLabel-animated MuiInputLabel-outlined MuiFormLabel-root MuiFormLabel-colorPrimary css-14s5rfu-MuiFormLabel-root-MuiInputLabel-root"
            data-shrink={false}
            htmlFor="cusine"
          >
            Tipo de cocina o productos
          </label>
          <div
            className="MuiOutlinedInput-root MuiInputBase-root MuiInputBase-colorPrimary MuiInputBase-formControl css-9ddj71-MuiInputBase-root-MuiOutlinedInput-root"
            onClick={[Function]}
          >
            <input
              aria-invalid={false}
              className="MuiOutlinedInput-input MuiInputBase-input css-1t8l2tu-MuiInputBase-input-MuiOutlinedInput-input"
              disabled={false}
              id="cusine"
              onAnimationStart={[Function]}
              onBlur={[Function]}
              onChange={[Function]}
              onFocus={[Function]}
              required={false}
              type="text"
              value=""
            />
            <fieldset
              aria-hidden={true}
              className="MuiOutlinedInput-notchedOutline css-1d3z3hw-MuiOutlinedInput-notchedOutline"
            >
              <legend
                className="css-1ftyaf0"
              >
                <span>
                  Tipo de cocina o productos
                </span>
              </legend>
            </fieldset>
          </div>
          <p
            className="MuiFormHelperText-root MuiFormHelperText-sizeMedium MuiFormHelperText-contained css-1wc848c-MuiFormHelperText-root"
            id="cusine-helpertext"
          >
            <span
              className="notranslate"
            >
              ​
            </span>
          </p>
        </div>
        <label
          className="MuiButton-root MuiButton-contained MuiButton-containedPrimary MuiButton-sizeMedium MuiButton-containedSizeMedium MuiButton-fullWidth MuiButtonBase-root  css-1fu7jd5-MuiButtonBase-root-MuiButton-root"
          onBlur={[Function]}
          onContextMenu={[Function]}
          onDragLeave={[Function]}
          onFocus={[Function]}
          onKeyDown={[Function]}
          onKeyUp={[Function]}
          onMouseDown={[Function]}
          onMouseLeave={[Function]}
          onMouseUp={[Function]}
          onTouchEnd={[Function]}
          onTouchMove={[Function]}
          onTouchStart={[Function]}
          role="button"
          tabIndex={0}
        >
          <span
            className="MuiButton-startIcon MuiButton-iconSizeMedium css-1d6wzja-MuiButton-startIcon"
          >
            <svg
              aria-hidden={true}
              className="MuiSvgIcon-root MuiSvgIcon-fontSizeMedium css-i4bv87-MuiSvgIcon-root"
              data-testid="AddPhotoAlternateOutlinedIcon"
              focusable="false"
              viewBox="0 0 24 24"
            >
              <path
                d="M18 20H4V6h9V4H4c-1.1 0-2 .9-2 2v14c0 1.1.9 2 2 2h14c1.1 0 2-.9 2-2v-9h-2v9zm-7.79-3.17-1.96-2.36L5.5 18h11l-3.54-4.71zM20 4V1h-2v3h-3c.01.01 0 2 0 2h3v2.99c.01.01 2 0 2 0V6h3V4h-3z"
              />
            </svg>
          </span>
          subir una imagen
          <input
            data-testid="upload-image"
            hidden={true}
            id="image"
            onChange={[Function]}
            type="file"
          />
        </label>
        <h2
          className="MuiTypography-root MuiTypography-h4 addEdit_section-tittle css-5lbw0b-MuiTypography-root"
        >
          Dirección
        </h2>
        <div
          className="MuiFormControl-root css-1nrlq1o-MuiFormControl-root"
        >
          <label
            className="MuiInputLabel-root MuiInputLabel-formControl MuiInputLabel-animated MuiInputLabel-outlined MuiFormLabel-root MuiFormLabel-colorPrimary css-14s5rfu-MuiFormLabel-root-MuiInputLabel-root"
            data-shrink={false}
            htmlFor="adress"
          >
            Dirección
          </label>
          <div
            className="MuiOutlinedInput-root MuiInputBase-root MuiInputBase-colorPrimary MuiInputBase-formControl css-9ddj71-MuiInputBase-root-MuiOutlinedInput-root"
            onClick={[Function]}
          >
            <input
              aria-invalid={false}
              className="MuiOutlinedInput-input MuiInputBase-input css-1t8l2tu-MuiInputBase-input-MuiOutlinedInput-input"
              disabled={false}
              id="adress"
              onAnimationStart={[Function]}
              onBlur={[Function]}
              onChange={[Function]}
              onFocus={[Function]}
              required={false}
              type="text"
              value=""
            />
            <fieldset
              aria-hidden={true}
              className="MuiOutlinedInput-notchedOutline css-1d3z3hw-MuiOutlinedInput-notchedOutline"
            >
              <legend
                className="css-1ftyaf0"
              >
                <span>
                  Dirección
                </span>
              </legend>
            </fieldset>
          </div>
          <p
            className="MuiFormHelperText-root MuiFormHelperText-sizeMedium MuiFormHelperText-contained css-1wc848c-MuiFormHelperText-root"
            id="adress-helpertext"
          >
            <span
              className="notranslate"
            >
              ​
            </span>
          </p>
        </div>
        <div
          className="MuiFormControl-root css-1nrlq1o-MuiFormControl-root"
        >
          <label
            className="MuiInputLabel-root MuiInputLabel-formControl MuiInputLabel-animated MuiInputLabel-outlined MuiFormLabel-root MuiFormLabel-colorPrimary css-14s5rfu-MuiFormLabel-root-MuiInputLabel-root"
            data-shrink={false}
            htmlFor="municipality"
          >
            Municipio
          </label>
          <div
            className="MuiOutlinedInput-root MuiInputBase-root MuiInputBase-colorPrimary MuiInputBase-formControl css-9ddj71-MuiInputBase-root-MuiOutlinedInput-root"
            onClick={[Function]}
          >
            <input
              aria-invalid={false}
              className="MuiOutlinedInput-input MuiInputBase-input css-1t8l2tu-MuiInputBase-input-MuiOutlinedInput-input"
              disabled={false}
              id="municipality"
              onAnimationStart={[Function]}
              onBlur={[Function]}
              onChange={[Function]}
              onFocus={[Function]}
              required={false}
              type="text"
              value=""
            />
            <fieldset
              aria-hidden={true}
              className="MuiOutlinedInput-notchedOutline css-1d3z3hw-MuiOutlinedInput-notchedOutline"
            >
              <legend
                className="css-1ftyaf0"
              >
                <span>
                  Municipio
                </span>
              </legend>
            </fieldset>
          </div>
          <p
            className="MuiFormHelperText-root MuiFormHelperText-sizeMedium MuiFormHelperText-contained css-1wc848c-MuiFormHelperText-root"
            id="municipality-helpertext"
          >
            <span
              className="notranslate"
            >
              ​
            </span>
          </p>
        </div>
        <div
          className="MuiFormControl-root css-1nrlq1o-MuiFormControl-root"
        >
          <label
            className="MuiInputLabel-root MuiInputLabel-formControl MuiInputLabel-animated MuiInputLabel-outlined MuiFormLabel-root MuiFormLabel-colorPrimary css-14s5rfu-MuiFormLabel-root-MuiInputLabel-root"
            data-shrink={false}
            htmlFor="region"
          >
            Provincia
          </label>
          <div
            className="MuiOutlinedInput-root MuiInputBase-root MuiInputBase-colorPrimary MuiInputBase-formControl css-9ddj71-MuiInputBase-root-MuiOutlinedInput-root"
            onClick={[Function]}
          >
            <input
              aria-invalid={false}
              className="MuiOutlinedInput-input MuiInputBase-input css-1t8l2tu-MuiInputBase-input-MuiOutlinedInput-input"
              disabled={false}
              id="region"
              onAnimationStart={[Function]}
              onBlur={[Function]}
              onChange={[Function]}
              onFocus={[Function]}
              required={false}
              type="text"
              value=""
            />
            <fieldset
              aria-hidden={true}
              className="MuiOutlinedInput-notchedOutline css-1d3z3hw-MuiOutlinedInput-notchedOutline"
            >
              <legend
                className="css-1ftyaf0"
              >
                <span>
                  Provincia
                </span>
              </legend>
            </fieldset>
          </div>
          <p
            className="MuiFormHelperText-root MuiFormHelperText-sizeMedium MuiFormHelperText-contained css-1wc848c-MuiFormHelperText-root"
            id="region-helpertext"
          >
            <span
              className="notranslate"
            >
              ​
            </span>
          </p>
        </div>
        <h2
          className="MuiTypography-root MuiTypography-h4 addEdit_section-tittle css-5lbw0b-MuiTypography-root"
        >
          Información de contacto
        </h2>
        <div
          className="MuiFormControl-root css-1nrlq1o-MuiFormControl-root"
        >
          <label
            className="MuiInputLabel-root MuiInputLabel-formControl MuiInputLabel-animated MuiInputLabel-outlined MuiFormLabel-root MuiFormLabel-colorPrimary css-14s5rfu-MuiFormLabel-root-MuiInputLabel-root"
            data-shrink={false}
            htmlFor="phone"
          >
            Teléfono
          </label>
          <div
            className="MuiOutlinedInput-root MuiInputBase-root MuiInputBase-colorPrimary MuiInputBase-formControl css-9ddj71-MuiInputBase-root-MuiOutlinedInput-root"
            data-testid="phone-testid"
            onClick={[Function]}
          >
            <input
              aria-invalid={false}
              className="MuiOutlinedInput-input MuiInputBase-input css-1t8l2tu-MuiInputBase-input-MuiOutlinedInput-input"
              disabled={false}
              id="phone"
              onAnimationStart={[Function]}
              onBlur={[Function]}
              onChange={[Function]}
              onFocus={[Function]}
              required={false}
              type="number"
              value=""
            />
            <fieldset
              aria-hidden={true}
              className="MuiOutlinedInput-notchedOutline css-1d3z3hw-MuiOutlinedInput-notchedOutline"
            >
              <legend
                className="css-1ftyaf0"
              >
                <span>
                  Teléfono
                </span>
              </legend>
            </fieldset>
          </div>
          <p
            className="MuiFormHelperText-root MuiFormHelperText-sizeMedium MuiFormHelperText-contained css-1wc848c-MuiFormHelperText-root"
            id="phone-helpertext"
          >
            <span
              className="notranslate"
            >
              ​
            </span>
          </p>
        </div>
        <div
          className="MuiFormControl-root css-1nrlq1o-MuiFormControl-root"
        >
          <label
            className="MuiInputLabel-root MuiInputLabel-formControl MuiInputLabel-animated MuiInputLabel-outlined MuiFormLabel-root MuiFormLabel-colorPrimary css-14s5rfu-MuiFormLabel-root-MuiInputLabel-root"
            data-shrink={false}
            htmlFor="email"
          >
            Correo electrónico
          </label>
          <div
            className="MuiOutlinedInput-root MuiInputBase-root MuiInputBase-colorPrimary MuiInputBase-formControl css-9ddj71-MuiInputBase-root-MuiOutlinedInput-root"
            onClick={[Function]}
          >
            <input
              aria-invalid={false}
              className="MuiOutlinedInput-input MuiInputBase-input css-1t8l2tu-MuiInputBase-input-MuiOutlinedInput-input"
              disabled={false}
              id="email"
              onAnimationStart={[Function]}
              onBlur={[Function]}
              onChange={[Function]}
              onFocus={[Function]}
              required={false}
              type="text"
              value=""
            />
            <fieldset
              aria-hidden={true}
              className="MuiOutlinedInput-notchedOutline css-1d3z3hw-MuiOutlinedInput-notchedOutline"
            >
              <legend
                className="css-1ftyaf0"
              >
                <span>
                  Correo electrónico
                </span>
              </legend>
            </fieldset>
          </div>
          <p
            className="MuiFormHelperText-root MuiFormHelperText-sizeMedium MuiFormHelperText-contained css-1wc848c-MuiFormHelperText-root"
            id="email-helpertext"
          >
            <span
              className="notranslate"
            >
              ​
            </span>
          </p>
        </div>
        <div
          className="MuiFormControl-root css-1nrlq1o-MuiFormControl-root"
        >
          <label
            className="MuiInputLabel-root MuiInputLabel-formControl MuiInputLabel-animated MuiInputLabel-outlined MuiFormLabel-root MuiFormLabel-colorPrimary css-14s5rfu-MuiFormLabel-root-MuiInputLabel-root"
            data-shrink={false}
            htmlFor="website"
          >
            Página web
          </label>
          <div
            className="MuiOutlinedInput-root MuiInputBase-root MuiInputBase-colorPrimary MuiInputBase-formControl css-9ddj71-MuiInputBase-root-MuiOutlinedInput-root"
            onClick={[Function]}
          >
            <input
              aria-invalid={false}
              className="MuiOutlinedInput-input MuiInputBase-input css-1t8l2tu-MuiInputBase-input-MuiOutlinedInput-input"
              disabled={false}
              id="website"
              onAnimationStart={[Function]}
              onBlur={[Function]}
              onChange={[Function]}
              onFocus={[Function]}
              required={false}
              type="text"
              value=""
            />
            <fieldset
              aria-hidden={true}
              className="MuiOutlinedInput-notchedOutline css-1d3z3hw-MuiOutlinedInput-notchedOutline"
            >
              <legend
                className="css-1ftyaf0"
              >
                <span>
                  Página web
                </span>
              </legend>
            </fieldset>
          </div>
          <p
            className="MuiFormHelperText-root MuiFormHelperText-sizeMedium MuiFormHelperText-contained css-1wc848c-MuiFormHelperText-root"
            id="website-helpertext"
          >
            <span
              className="notranslate"
            >
              ​
            </span>
          </p>
        </div>
        <button
          className="MuiLoadingButton-root MuiButton-root MuiButton-contained MuiButton-containedPrimary MuiButton-sizeLarge MuiButton-containedSizeLarge MuiButton-fullWidth MuiButtonBase-root css-sppx0e-MuiButtonBase-root-MuiButton-root-MuiLoadingButton-root"
          disabled={false}
          id=":r0:"
          onBlur={[Function]}
          onContextMenu={[Function]}
          onDragLeave={[Function]}
          onFocus={[Function]}
          onKeyDown={[Function]}
          onKeyUp={[Function]}
          onMouseDown={[Function]}
          onMouseLeave={[Function]}
          onMouseUp={[Function]}
          onTouchEnd={[Function]}
          onTouchMove={[Function]}
          onTouchStart={[Function]}
          tabIndex={0}
          type="submit"
        >
          creaer establecimiento
        </button>
      </div>
    </form>
  </div>
</div>
`;
